// Jest Snapshot v1, https://goo.gl/fbAQLP

exports[`App renders without crashing 1`] = `
"<ApolloProvider client={{...}}>
  <div className=\\"App\\">
    <Header title=\\"React Apollo demo\\" />
    <RandomNumber />
  </div>
</ApolloProvider>"
`;
