// Jest Snapshot v1, https://goo.gl/fbAQLP

exports[`renders without crashing 1`] = `
"<div className=\\"App\\">
  <Header title=\\"React Apollo demo\\" />
</div>"
`;
