// Jest Snapshot v1, https://goo.gl/fbAQLP

exports[`renders without crashing 1`] = `
<header
  className="App-header"
>
  <h1>
    New Title
  </h1>
</header>
`;
